[backblue.gif]
[fade.gif]
[index.html]
[localhost_8080/mfweb/templates/tx_appy/favicon.ico]
[localhost_8080/mfweb/templates/tx_appy/images/backgrounds/header-bg.jpg]
[localhost_8080/mfweb/templates/tx_appy/images/backgrounds/style.jpg]
[localhost_8080/mfweb/templates/tx_appy/images/backgrounds/bottom-bg.jpg]
[localhost_8080/mfweb/templates/tx_appy/images/backgrounds/horizontal.png]
[localhost_8080/mfweb/media/system/js/mootools-core.js]
[localhost_8080/mfweb/media/system/js/core.js]
[localhost_8080/mfweb/media/system/js/caption.js]
[localhost_8080/mfweb/libraries/expose/interface/js/jquery-1.8.3.min.js]
[localhost_8080/mfweb/libraries/expose/interface/js/equalheight.js]
[localhost_8080/mfweb/libraries/expose/interface/js/jquery.lazyload.js]
[localhost_8080/mfweb/libraries/expose/interface/js/breakpoints.js]
[localhost_8080/mfweb/libraries/expose/interface/js/offcanvas.js]
[localhost_8080/mfweb/templates/tx_appy/js/template.js]
[localhost_8080/mfweb/templates/tx_appy/js/scrollspy.js]
[localhost_8080/mfweb/templates/tx_appy/js/headroom.min.js]
[localhost_8080/mfweb/templates/tx_appy/js/jQuery.headroom.min.js]
[localhost_8080/mfweb/templates/tx_appy/images/apple_touch_icon.png]
[localhost_8080/mfweb/images/ic_launcher.png]
[localhost_8080/mfweb/images/homepage.png]
[localhost_8080/mfweb/index.html]
[localhost_8080/mfweb/libraries/expose/interface/images/typography.png]
[localhost_8080/mfweb/templates/system/images/selector-arrow.png]
[openid.net/images/login-bg.gif]
[localhost_8080/mfweb/libraries/expose/interface/css/joomla.css]
[localhost_8080/mfweb/libraries/expose/interface/fonts/fontawesome-webfontf77b.eot]
[localhost_8080/mfweb/libraries/expose/interface/fonts/fontawesome-webfontd41d.eot]
[localhost_8080/mfweb/libraries/expose/interface/fonts/fontawesome-webfontf77b.ttf]
[localhost_8080/mfweb/templates/tx_appy/css/typography.css]
[localhost_8080/mfweb/templates/tx_appy/images/backgrounds/top-bg.jpg]
[localhost_8080/mfweb/templates/tx_appy/images/backgrounds/feature-bg.jpg]
[localhost_8080/mfweb/templates/tx_appy/images/themexpert.png]
[localhost_8080/mfweb/libraries/expose/interface/images/expose_logo_light.png]
[localhost_8080/mfweb/libraries/expose/interface/images/expose_logo_dark.png]
[localhost_8080/mfweb/templates/tx_appy/images/pages/tape.png]
[localhost_8080/mfweb/templates/tx_appy/css/template.css]
[localhost_8080/mfweb/templates/tx_appy/css/responsive.css]
[localhost_8080/mfweb/templates/tx_appy/css/xpertscroller.css]
[localhost_8080/mfweb/templates/tx_appy/css/parallax-slider.css]
[localhost_8080/mfweb/templates/tx_appy/css/xperttabs.css]
[localhost_8080/mfweb/templates/tx_appy/css/styles/blue.css]
[localhost_8080/mfweb/index.php/about/backgroundc0d0]
[localhost_8080/mfweb/index.php/about/background7b17]
[localhost_8080/mfweb/media/system/images/printButton.png]
[localhost_8080/mfweb/media/system/images/emailButton.png]
[localhost_8080/mfweb/images/CIRP Banner.jpg]
[localhost_8080/mfweb/index.php/about/background.html]
[localhost_8080/mfweb/index.php/about/research-problemc0d0]
[localhost_8080/mfweb/index.php/about/research-problem7b17]
[localhost_8080/mfweb/images/BannerIslands.jpg]
[localhost_8080/mfweb/images/Anchor Pin 200 by 200.png]
[localhost_8080/mfweb/index.php/about/research-problem.html]
[localhost_8080/mfweb/index.php/about/objectivesc0d0]
[localhost_8080/mfweb/index.php/about/objectives7b17]
[localhost_8080/mfweb/images/Bannernew02.jpg]
[localhost_8080/mfweb/index.php/about/objectives.html]
[localhost_8080/mfweb/images/button_navigation.png]
[localhost_8080/mfweb/images/button_weather.png]
[localhost_8080/mfweb/images/button_information.png]
[localhost_8080/mfweb/images/button_camera.png]
[localhost_8080/mfweb/images/button_alert.png]
[localhost_8080/mfweb/images/button_sos.png]
[localhost_8080/mfweb/index.php/about/mfisheries-at-sea.html]
[localhost_8080/mfweb/index.php/about/value-propositionc0d0]
[localhost_8080/mfweb/index.php/about/value-proposition7b17]
[localhost_8080/mfweb/images/logo.png]
[localhost_8080/mfweb/index.php/about/value-proposition.html]
[localhost_8080/mfweb/index.php/get-mfisheries.html]
[localhost_8080/mfweb/index.php/get-mfisheries/register-2c0d0]
[localhost_8080/mfweb/index.php/get-mfisheries/register-27b17]
[localhost_8080/mfweb/images/mFisheries icons tiled.jpg]
[localhost_8080/mfweb/index.php/get-mfisheries/register-2.html]
[localhost_8080/mfweb/index.php/get-mfisheries/understanding-sosc0d0]
[localhost_8080/mfweb/index.php/get-mfisheries/understanding-sos7b17]
[localhost_8080/mfweb/images/RUGBPro.png]
[localhost_8080/mfweb/images/Screen Shot 2014-05-15 at 9.04.14 AM.png]
[localhost_8080/mfweb/images/Screen Shot 2014-05-15 at 9.04.28 AM.png]
[localhost_8080/mfweb/images/Screen Shot 2014-05-15 at 9.04.37 AM.png]
[localhost_8080/mfweb/images/Screen Shot 2014-05-15 at 9.04.45 AM.png]
[localhost_8080/mfweb/index.php/get-mfisheries/understanding-sos.html]
[localhost_8080/mfweb/index.php/get-mfisheries/legalc0d0]
[localhost_8080/mfweb/index.php/get-mfisheries/legal7b17]
[localhost_8080/mfweb/index.php/get-mfisheries/legal.html]
[localhost_8080/mfweb/index.php/media-library/downloadc0d0]
[localhost_8080/mfweb/index.php/media-library/download7b17]
[localhost_8080/mfweb/components/com_remository/images/file_icons/music1.gif]
[localhost_8080/mfweb/index.php/media-library/download.html]
[localhost_8080/mfweb/index.php/media-library/videosc0d0]
[localhost_8080/mfweb/index.php/media-library/videos7b17]
[localhost_8080/mfweb/plugins/content/jw_allvideos/jw_allvideos/includes/js/behaviour914c.js]
[localhost_8080/mfweb/plugins/content/jw_allvideos/jw_allvideos/includes/js/wmvplayer/silverlight914c.js]
[localhost_8080/mfweb/plugins/content/jw_allvideos/jw_allvideos/includes/js/wmvplayer/wmvplayer914c.js]
[localhost_8080/mfweb/plugins/content/jw_allvideos/jw_allvideos/includes/js/quicktimeplayer/AC_QuickTime914c.js]
[localhost_8080/mfweb/plugins/content/jw_allvideos/jw_allvideos/includes/js/jwplayer/jwplayer914c.js]
[localhost_8080/mfweb/index.php/media-library/videos.html]
[localhost_8080/mfweb/index.php/grants.html]
[localhost_8080/mfweb/index.php/partners/list-of-partnersc0d0]
[localhost_8080/mfweb/index.php/partners/list-of-partners7b17]
[localhost_8080/mfweb/index.php/partners/list-of-partners.html]
[localhost_8080/mfweb/index.php/partners/related-websitesc0d0]
[localhost_8080/mfweb/index.php/partners/related-websites7b17]
[localhost_8080/mfweb/index.php/partners/related-websites.html]
[localhost_8080/mfweb/index.php/teamc0d0]
[localhost_8080/mfweb/index.php/team7b17]
[localhost_8080/mfweb/images/kevon.png]
[localhost_8080/mfweb/images/n-c.png]
[localhost_8080/mfweb/images/Candice.png]
[localhost_8080/mfweb/images/r-h.png]
[localhost_8080/mfweb/images/profiles.jpg]
[localhost_8080/mfweb/images/abeni_profile_img.png]
[localhost_8080/mfweb/images/d-s-png.png]
[localhost_8080/mfweb/index.php/team.html]
[localhost_8080/mfweb/images/amanda_01.png]
[localhost_8080/mfweb/media/plugin_googlemap3/site/googleearthv3/googleearth.js]
[localhost_8080/mfweb/media/plugin_googlemap3/site/googlemaps/googlemapsv3.js]
[localhost_8080/mfweb/images/Got Fish.png]
[localhost_8080/mfweb/index.php/contact-us.html]
[localhost_8080/mfweb/libraries/expose/interface/fonts/fontawesome-webfontf77b.html]
[localhost_8080/mfweb/libraries/expose/interface/fonts/fontawesome-webfont.svg]
[localhost_8080/mfweb/modules/mod_xperttabs/assets/css/common.html]
[localhost_8080/mfweb/index.php/about/background/9-background/2-project-background.html]
[localhost_8080/mfweb/index.php/about/background/9-background/2-project-backgroundabf8.html]
[localhost_8080/mfweb/index.php/component/mailto/index10d0.html]
[localhost_8080/mfweb/index.php/about/research-problem/10-uncategorised/research-problem/3-research-problem.html]
[localhost_8080/mfweb/index.php/about/research-problem/10-uncategorised/research-problem/3-research-problemabf8.html]
[localhost_8080/mfweb/index.php/component/mailto/index35ca.html]
[localhost_8080/mfweb/index.php/about/objectives/11-project-objectives/4-project-objectives.html]
[localhost_8080/mfweb/index.php/about/objectives/11-project-objectives/4-project-objectivesabf8.html]
[localhost_8080/mfweb/index.php/component/mailto/index5fc2.html]
[localhost_8080/mfweb/index.php/about/mfisheries-at-seaabf8.html]
[localhost_8080/mfweb/index.php/component/mailto/index5ba8.html]
[localhost_8080/mfweb/index.php/about/value-proposition/17-value-proposition/9-value-proposition.html]
[localhost_8080/mfweb/index.php/about/value-proposition/17-value-proposition/9-value-propositionabf8.html]
[localhost_8080/mfweb/index.php/component/mailto/index558a.html]
[localhost_8080/mfweb/index.php/get-mfisheries/register-2/28-download-registration/28-register-2.html]
[localhost_8080/mfweb/index.php/get-mfisheries/register-2/28-download-registration/28-register-2abf8.html]
[localhost_8080/mfweb/index.php/component/mailto/index5a7a.html]
[localhost_8080/mfweb/index.php/get-mfisheries/understanding-sos/19-understanding-sos/11-understanding-sos.html]
[localhost_8080/mfweb/index.php/get-mfisheries/understanding-sos/19-understanding-sos/11-understanding-sosabf8.html]
[localhost_8080/mfweb/index.php/component/mailto/index37df.html]
[localhost_8080/mfweb/index.php/get-mfisheries/legal/29-legal/29-legal.html]
[localhost_8080/mfweb/index.php/get-mfisheries/legal/29-legal/29-legalabf8.html]
[localhost_8080/mfweb/index.php/component/mailto/indexce81.html]
[localhost_8080/mfweb/legal/index.html]
[localhost_8080/mfweb/index.php/media-library/download/23-download/14-download.html]
[localhost_8080/mfweb/index.php/media-library/download/23-download/14-downloadabf8.html]
[localhost_8080/mfweb/index.php/component/mailto/indexd1d7.html]
[localhost_8080/mfweb/components/com_remository/images/download_trans.gif]
[localhost_8080/mfweb/components/com_remository/images/stars/0.gif]
[localhost_8080/mfweb/index.php/component/remository/Sample/Podcast-6/index8641.html]
[localhost_8080/mfweb/index.php/component/remository/Sample/Podcast-5/index8641.html]
[localhost_8080/mfweb/index.php/component/remository/Sample/Podcast-4/index8641.html]
[localhost_8080/mfweb/index.php/component/remository/Sample/Podcast-3/index8641.html]
[localhost_8080/mfweb/index.php/component/remository/Sample/Podcast-2/index8641.html]
[localhost_8080/mfweb/plugins/content/jw_allvideos/jw_allvideos/tmpl/Classic/css/template.css]
[localhost_8080/mfweb/index.php/media-library/videos/26-videos/23-videos.html]
[localhost_8080/mfweb/index.php/media-library/videos/26-videos/23-videosabf8.html]
[localhost_8080/mfweb/index.php/component/mailto/index2a3f.html]
[localhost_8080/mfweb/index.php/grantsabf8.html]
[localhost_8080/mfweb/index.php/component/mailto/index4afd.html]
[localhost_8080/wp-content/uploads/2014/08/Enagement-Platform.html]
[localhost_8080/wp-content/uploads/2014/08/RugB.html]
[localhost_8080/wp-content/uploads/2014/08/co-management.html]
[ajax.googleapis.com/ajax/libs/jquery/1.8.3/jquery.min.js]
[localhost_8080/mfweb/plugins/content/jw_sig/jw_sig/includes/js/jquery_fancybox/fancybox/lib/jquery.mousewheel-3.0.6.pack.js]
[localhost_8080/mfweb/plugins/content/jw_sig/jw_sig/includes/js/jquery_fancybox/fancybox/jquery.fancybox.pack8cbb.js]
[localhost_8080/mfweb/plugins/content/jw_sig/jw_sig/includes/js/jquery_fancybox/fancybox/helpers/jquery.fancybox-buttons8cbb.js]
[localhost_8080/mfweb/plugins/content/jw_sig/jw_sig/includes/js/jquery_fancybox/fancybox/helpers/jquery.fancybox-thumbs8cbb.js]
[localhost_8080/mfweb/plugins/content/jw_sig/jw_sig/includes/js/behaviour.js]
[localhost_8080/mfweb/images/sampledata/Gallery_01/screenshots/mfisheries new home buttons.jpg]
[localhost_8080/mfweb/plugins/content/jw_sig/jw_sig/includes/images/transparent.gif]
[localhost_8080/mfweb/cache/jw_sig/jw_sig_cache_1b84c22081_mfisheries_new_home_buttons.jpg]
[localhost_8080/mfweb/index.php/grants/2-uncategorised/24-test-gallery.html]
[localhost_8080/mfweb/index.php/partners/list-of-partners/8-partners/1-partners.html]
[localhost_8080/mfweb/index.php/partners/list-of-partners/8-partners/1-partnersabf8.html]
[localhost_8080/mfweb/index.php/component/mailto/indexc178.html]
[localhost_8080/mfweb/index.php/partners/related-websites/21-related-websites/13-related-websites.html]
[localhost_8080/mfweb/index.php/partners/related-websites/21-related-websites/13-related-websitesabf8.html]
[localhost_8080/mfweb/index.php/component/mailto/index4c62.html]
[localhost_8080/mfweb/index.php/team/18-team/10-team.html]
[localhost_8080/mfweb/index.php/team/18-team/10-teamabf8.html]
[localhost_8080/mfweb/index.php/component/mailto/index59e8.html]
[localhost_8080/mfweb/plugins/system/plugin_googlemap3/plugin_googlemap3.css.css]
[localhost_8080/mfweb/components/com_remository/images/icon-search.gif]
[localhost_8080/mfweb/components/com_remository/remository.css]
[localhost_8080/mfweb/index.php/component/remository/func-startdown/6/index8641.html]
[localhost_8080/mfweb/index.php/component/remository/func-startdown/5/index8641.html]
[localhost_8080/mfweb/index.php/component/remository/func-startdown/4/index8641.html]
[localhost_8080/mfweb/index.php/component/remository/func-startdown/3/index8641.html]
[localhost_8080/mfweb/index.php/component/remository/func-startdown/2/index8641.html]
[localhost_8080/mfweb/plugins/content/jw_sig/jw_sig/includes/js/jquery_fancybox/fancybox/fancybox_sprite.png]
[localhost_8080/mfweb/plugins/content/jw_sig/jw_sig/includes/js/jquery_fancybox/fancybox/fancybox_loading.gif]
[localhost_8080/mfweb/plugins/content/jw_sig/jw_sig/includes/js/jquery_fancybox/fancybox/blank.gif]
[localhost_8080/mfweb/plugins/content/jw_sig/jw_sig/includes/js/jquery_fancybox/fancybox/fancybox_overlay.png]
[localhost_8080/mfweb/plugins/content/jw_sig/jw_sig/includes/js/jquery_fancybox/fancybox/fancybox_sprite@2x.png]
[localhost_8080/mfweb/plugins/content/jw_sig/jw_sig/includes/js/jquery_fancybox/fancybox/fancybox_loading@2x.gif]
[localhost_8080/mfweb/plugins/content/jw_sig/jw_sig/includes/js/jquery_fancybox/fancybox/jquery.fancybox8cbb.css]
[localhost_8080/mfweb/plugins/content/jw_sig/jw_sig/includes/js/jquery_fancybox/fancybox/helpers/fancybox_buttons.png]
[localhost_8080/mfweb/plugins/content/jw_sig/jw_sig/includes/js/jquery_fancybox/fancybox/helpers/jquery.fancybox-buttons8cbb.css]
[localhost_8080/mfweb/plugins/content/jw_sig/jw_sig/includes/js/jquery_fancybox/fancybox/helpers/jquery.fancybox-thumbs8cbb.css]
[localhost_8080/mfweb/plugins/content/jw_sig/jw_sig/tmpl/Classic/images/magnify_48x48_24.png]
[localhost_8080/mfweb/plugins/content/jw_sig/jw_sig/tmpl/Classic/css/template.css]
[localhost_8080/mfweb/plugins/content/jw_sig/jw_sig/tmpl/Classic/images/disk.png]
[localhost_8080/mfweb/plugins/content/jw_sig/jw_sig/includes/css/print.css]
[localhost_8080/mfweb/index.php/grants/2-uncategorised/24-test-galleryabf8.html]
[localhost_8080/mfweb/index.php/component/mailto/indexa2a8.html]
[localhost_8080/components/com_remository/images/button-1-left.html]
[localhost_8080/components/com_remository/images/button-1-left-2.html]
[localhost_8080/components/com_remository/images/button-1-right.html]
[localhost_8080/components/com_remository/images/button-1-right-2.html]
[localhost_8080/components/com_remository/images/wysiwyg-bg.html]
[localhost_8080/components/com_remository/images/download_trans.html]
[devcodepark.com/playground/joomla/mfisheries/components/com_remository/images/header.gif]
